java.io.IOException: Cannot run program "C:\Users\adria\AppData\Local\Coursier\cache\jvm\adopt@1.8.0-292\bin\java.exe" (in directory "C:\Users\adria\Desktop\WorkSpace-Master\Practica-01---Primeros-pasos-con-Scala"): CreateProcess error=2, El sistema no puede encontrar el archivo especificado
  java.base/java.lang.ProcessBuilder.start(ProcessBuilder.java:1143)
  java.base/java.lang.ProcessBuilder.start(ProcessBuilder.java:1073)
  os.proc.proc$lzyINIT1$1(ProcessOps.scala:345)
  os.proc.os$proc$$_$proc$1(ProcessOps.scala:351)
  os.proc.spawn(ProcessOps.scala:355)
  os.proc.call(ProcessOps.scala:224)
  scala.build.internal.OsLibc$.javaVersion(OsLibc.scala:78)
  scala.build.internal.OsLibc$.javaHomeVersion(OsLibc.scala:93)
  scala.cli.commands.shared.SharedOptions.$anonfun$38$$anonfun$1(SharedOptions.scala:609)
  scala.Option.map(Option.scala:242)
  scala.cli.commands.shared.SharedOptions.$anonfun$38(SharedOptions.scala:608)
  scala.Option.orElse(Option.scala:477)
  scala.cli.commands.shared.SharedOptions.bloopRifleConfig$$anonfun$1(SharedOptions.scala:618)
  scala.build.EitherCps$Helper.apply(EitherCps.scala:19)
  scala.cli.commands.shared.SharedOptions.bloopRifleConfig(SharedOptions.scala:599)
  scala.cli.commands.bsp.Bsp$.runCommand(Bsp.scala:147)
  scala.cli.commands.bsp.Bsp$.runCommand(Bsp.scala:75)
  scala.cli.commands.ScalaCommand.run(ScalaCommand.scala:428)
  scala.cli.commands.ScalaCommand.run(ScalaCommand.scala:392)
  caseapp.core.app.CaseApp.main(CaseApp.scala:166)
  scala.cli.commands.ScalaCommand.main(ScalaCommand.scala:377)
  caseapp.core.app.CommandsEntryPoint.main(CommandsEntryPoint.scala:370)
  scala.cli.ScalaCliCommands.main(ScalaCliCommands.scala:125)
  scala.cli.ScalaCli$.main0$$anonfun$1(ScalaCli.scala:338)
  scala.runtime.function.JProcedure1.apply(JProcedure1.java:15)
  scala.runtime.function.JProcedure1.apply(JProcedure1.java:10)
  scala.build.EitherCps$Helper.apply(EitherCps.scala:19)
  scala.cli.ScalaCli$.main0(ScalaCli.scala:239)
  scala.cli.ScalaCli$.main(ScalaCli.scala:123)
  scala.cli.ScalaCli.main(ScalaCli.scala)
java.io.IOException: CreateProcess error=2, El sistema no puede encontrar el archivo especificado
  java.base/java.lang.ProcessImpl.create(Native Method)
  java.base/java.lang.ProcessImpl.<init>(ProcessImpl.java:505)
  java.base/java.lang.ProcessImpl.start(ProcessImpl.java:158)
  java.base/java.lang.ProcessBuilder.start(ProcessBuilder.java:1110)
  java.base/java.lang.ProcessBuilder.start(ProcessBuilder.java:1073)
  os.proc.proc$lzyINIT1$1(ProcessOps.scala:345)
  os.proc.os$proc$$_$proc$1(ProcessOps.scala:351)
  os.proc.spawn(ProcessOps.scala:355)
  os.proc.call(ProcessOps.scala:224)
  scala.build.internal.OsLibc$.javaVersion(OsLibc.scala:78)
  scala.build.internal.OsLibc$.javaHomeVersion(OsLibc.scala:93)
  scala.cli.commands.shared.SharedOptions.$anonfun$38$$anonfun$1(SharedOptions.scala:609)
  scala.Option.map(Option.scala:242)
  scala.cli.commands.shared.SharedOptions.$anonfun$38(SharedOptions.scala:608)
  scala.Option.orElse(Option.scala:477)
  scala.cli.commands.shared.SharedOptions.bloopRifleConfig$$anonfun$1(SharedOptions.scala:618)
  scala.build.EitherCps$Helper.apply(EitherCps.scala:19)
  scala.cli.commands.shared.SharedOptions.bloopRifleConfig(SharedOptions.scala:599)
  scala.cli.commands.bsp.Bsp$.runCommand(Bsp.scala:147)
  scala.cli.commands.bsp.Bsp$.runCommand(Bsp.scala:75)
  scala.cli.commands.ScalaCommand.run(ScalaCommand.scala:428)
  scala.cli.commands.ScalaCommand.run(ScalaCommand.scala:392)
  caseapp.core.app.CaseApp.main(CaseApp.scala:166)
  scala.cli.commands.ScalaCommand.main(ScalaCommand.scala:377)
  caseapp.core.app.CommandsEntryPoint.main(CommandsEntryPoint.scala:370)
  scala.cli.ScalaCliCommands.main(ScalaCliCommands.scala:125)
  scala.cli.ScalaCli$.main0$$anonfun$1(ScalaCli.scala:338)
  scala.runtime.function.JProcedure1.apply(JProcedure1.java:15)
  scala.runtime.function.JProcedure1.apply(JProcedure1.java:10)
  scala.build.EitherCps$Helper.apply(EitherCps.scala:19)
  scala.cli.ScalaCli$.main0(ScalaCli.scala:239)
  scala.cli.ScalaCli$.main(ScalaCli.scala:123)
  scala.cli.ScalaCli.main(ScalaCli.scala)
